[2023-12-08T15:26:19.182+0000][gc] Using G1
[2023-12-08T15:26:19.201+0000][gc,init] Version: 17.0.8.1+1-LTS (release)
[2023-12-08T15:26:19.201+0000][gc,init] CPUs: 2 total, 2 available
[2023-12-08T15:26:19.201+0000][gc,init] Memory: 7929M
[2023-12-08T15:26:19.201+0000][gc,init] Large Page Support: Disabled
[2023-12-08T15:26:19.201+0000][gc,init] NUMA Support: Disabled
[2023-12-08T15:26:19.201+0000][gc,init] Compressed Oops: Enabled (32-bit)
[2023-12-08T15:26:19.201+0000][gc,init] Heap Region Size: 1M
[2023-12-08T15:26:19.201+0000][gc,init] Heap Min Capacity: 1G
[2023-12-08T15:26:19.201+0000][gc,init] Heap Initial Capacity: 1G
[2023-12-08T15:26:19.201+0000][gc,init] Heap Max Capacity: 1G
[2023-12-08T15:26:19.202+0000][gc,init] Pre-touch: Disabled
[2023-12-08T15:26:19.202+0000][gc,init] Parallel Workers: 2
[2023-12-08T15:26:19.202+0000][gc,init] Concurrent Workers: 1
[2023-12-08T15:26:19.202+0000][gc,init] Concurrent Refinement Workers: 2
[2023-12-08T15:26:19.202+0000][gc,init] Periodic GC: Disabled
[2023-12-08T15:26:19.209+0000][gc,metaspace] CDS archive(s) mapped at: [0x00007f8d6b000000-0x00007f8d6bbeb000-0x00007f8d6bbeb000), size 12496896, SharedBaseAddress: 0x00007f8d6b000000, ArchiveRelocationMode: 1.
[2023-12-08T15:26:19.209+0000][gc,metaspace] Compressed class space mapped at: 0x00007f8d6c000000-0x00007f8dac000000, reserved size: 1073741824
[2023-12-08T15:26:19.210+0000][gc,metaspace] Narrow klass base: 0x00007f8d6b000000, Narrow klass shift: 0, Narrow klass range: 0x100000000
[2023-12-08T15:26:20.932+0000][gc,start    ] GC(0) Pause Young (Normal) (G1 Evacuation Pause)
[2023-12-08T15:26:20.932+0000][gc,task     ] GC(0) Using 2 workers of 2 for evacuation
[2023-12-08T15:26:20.939+0000][gc,phases   ] GC(0)   Pre Evacuate Collection Set: 0.1ms
[2023-12-08T15:26:20.939+0000][gc,phases   ] GC(0)   Merge Heap Roots: 0.1ms
[2023-12-08T15:26:20.939+0000][gc,phases   ] GC(0)   Evacuate Collection Set: 6.5ms
[2023-12-08T15:26:20.939+0000][gc,phases   ] GC(0)   Post Evacuate Collection Set: 0.4ms
[2023-12-08T15:26:20.939+0000][gc,phases   ] GC(0)   Other: 0.3ms
[2023-12-08T15:26:20.939+0000][gc,heap     ] GC(0) Eden regions: 51->0(44)
[2023-12-08T15:26:20.939+0000][gc,heap     ] GC(0) Survivor regions: 0->7(7)
[2023-12-08T15:26:20.939+0000][gc,heap     ] GC(0) Old regions: 0->0
[2023-12-08T15:26:20.939+0000][gc,heap     ] GC(0) Archive regions: 2->2
[2023-12-08T15:26:20.940+0000][gc,heap     ] GC(0) Humongous regions: 0->0
[2023-12-08T15:26:20.940+0000][gc,metaspace] GC(0) Metaspace: 19000K(19200K)->19000K(19200K) NonClass: 16460K(16576K)->16460K(16576K) Class: 2539K(2624K)->2539K(2624K)
[2023-12-08T15:26:20.940+0000][gc          ] GC(0) Pause Young (Normal) (G1 Evacuation Pause) 51M->7M(1024M) 7.734ms
[2023-12-08T15:26:20.940+0000][gc,cpu      ] GC(0) User=0.01s Sys=0.00s Real=0.01s
[2023-12-08T15:26:21.124+0000][gc,start    ] GC(1) Pause Young (Concurrent Start) (Metadata GC Threshold)
[2023-12-08T15:26:21.124+0000][gc,task     ] GC(1) Using 2 workers of 2 for evacuation
[2023-12-08T15:26:21.132+0000][gc,phases   ] GC(1)   Pre Evacuate Collection Set: 0.1ms
[2023-12-08T15:26:21.132+0000][gc,phases   ] GC(1)   Merge Heap Roots: 0.0ms
[2023-12-08T15:26:21.132+0000][gc,phases   ] GC(1)   Evacuate Collection Set: 7.0ms
[2023-12-08T15:26:21.132+0000][gc,phases   ] GC(1)   Post Evacuate Collection Set: 0.4ms
[2023-12-08T15:26:21.132+0000][gc,phases   ] GC(1)   Other: 0.1ms
[2023-12-08T15:26:21.132+0000][gc,heap     ] GC(1) Eden regions: 9->0(49)
[2023-12-08T15:26:21.132+0000][gc,heap     ] GC(1) Survivor regions: 7->2(7)
[2023-12-08T15:26:21.132+0000][gc,heap     ] GC(1) Old regions: 0->7
[2023-12-08T15:26:21.132+0000][gc,heap     ] GC(1) Archive regions: 2->2
[2023-12-08T15:26:21.132+0000][gc,heap     ] GC(1) Humongous regions: 129->129
[2023-12-08T15:26:21.132+0000][gc,metaspace] GC(1) Metaspace: 21295K(21504K)->21295K(21504K) NonClass: 18458K(18560K)->18458K(18560K) Class: 2837K(2944K)->2837K(2944K)
[2023-12-08T15:26:21.132+0000][gc          ] GC(1) Pause Young (Concurrent Start) (Metadata GC Threshold) 145M->137M(1024M) 7.782ms
[2023-12-08T15:26:21.132+0000][gc,cpu      ] GC(1) User=0.01s Sys=0.00s Real=0.01s
[2023-12-08T15:26:21.132+0000][gc          ] GC(2) Concurrent Mark Cycle
[2023-12-08T15:26:21.133+0000][gc,marking  ] GC(2) Concurrent Clear Claimed Marks
[2023-12-08T15:26:21.133+0000][gc,marking  ] GC(2) Concurrent Clear Claimed Marks 0.033ms
[2023-12-08T15:26:21.133+0000][gc,marking  ] GC(2) Concurrent Scan Root Regions
[2023-12-08T15:26:21.136+0000][gc,marking  ] GC(2) Concurrent Scan Root Regions 3.537ms
[2023-12-08T15:26:21.136+0000][gc,marking  ] GC(2) Concurrent Mark
[2023-12-08T15:26:21.136+0000][gc,marking  ] GC(2) Concurrent Mark From Roots
[2023-12-08T15:26:21.136+0000][gc,task     ] GC(2) Using 1 workers of 1 for marking
[2023-12-08T15:26:21.139+0000][gc,marking  ] GC(2) Concurrent Mark From Roots 2.243ms
[2023-12-08T15:26:21.139+0000][gc,marking  ] GC(2) Concurrent Preclean
[2023-12-08T15:26:21.139+0000][gc,marking  ] GC(2) Concurrent Preclean 0.053ms
[2023-12-08T15:26:21.139+0000][gc,start    ] GC(2) Pause Remark
[2023-12-08T15:26:21.142+0000][gc          ] GC(2) Pause Remark 138M->138M(1024M) 3.278ms
[2023-12-08T15:26:21.142+0000][gc,cpu      ] GC(2) User=0.00s Sys=0.01s Real=0.00s
[2023-12-08T15:26:21.142+0000][gc,marking  ] GC(2) Concurrent Mark 5.968ms
[2023-12-08T15:26:21.142+0000][gc,marking  ] GC(2) Concurrent Rebuild Remembered Sets
[2023-12-08T15:26:21.146+0000][gc,marking  ] GC(2) Concurrent Rebuild Remembered Sets 3.656ms
[2023-12-08T15:26:21.146+0000][gc,start    ] GC(2) Pause Cleanup
[2023-12-08T15:26:21.146+0000][gc          ] GC(2) Pause Cleanup 138M->138M(1024M) 0.096ms
[2023-12-08T15:26:21.146+0000][gc,cpu      ] GC(2) User=0.00s Sys=0.00s Real=0.00s
[2023-12-08T15:26:21.146+0000][gc,marking  ] GC(2) Concurrent Cleanup for Next Mark
[2023-12-08T15:26:21.156+0000][gc,marking  ] GC(2) Concurrent Cleanup for Next Mark 9.544ms
[2023-12-08T15:26:21.156+0000][gc          ] GC(2) Concurrent Mark Cycle 23.666ms
[2023-12-08T15:42:36.107+0000][gc,start    ] GC(3) Pause Young (Normal) (G1 Evacuation Pause)
[2023-12-08T15:42:36.107+0000][gc,task     ] GC(3) Using 2 workers of 2 for evacuation
[2023-12-08T15:42:36.113+0000][gc,phases   ] GC(3)   Pre Evacuate Collection Set: 0.1ms
[2023-12-08T15:42:36.113+0000][gc,phases   ] GC(3)   Merge Heap Roots: 0.1ms
[2023-12-08T15:42:36.113+0000][gc,phases   ] GC(3)   Evacuate Collection Set: 5.4ms
[2023-12-08T15:42:36.113+0000][gc,phases   ] GC(3)   Post Evacuate Collection Set: 0.3ms
[2023-12-08T15:42:36.113+0000][gc,phases   ] GC(3)   Other: 0.1ms
[2023-12-08T15:42:36.113+0000][gc,heap     ] GC(3) Eden regions: 49->0(46)
[2023-12-08T15:42:36.113+0000][gc,heap     ] GC(3) Survivor regions: 2->5(7)
[2023-12-08T15:42:36.113+0000][gc,heap     ] GC(3) Old regions: 7->7
[2023-12-08T15:42:36.113+0000][gc,heap     ] GC(3) Archive regions: 2->2
[2023-12-08T15:42:36.113+0000][gc,heap     ] GC(3) Humongous regions: 129->129
[2023-12-08T15:42:36.113+0000][gc,metaspace] GC(3) Metaspace: 32140K(32384K)->32140K(32384K) NonClass: 28337K(28480K)->28337K(28480K) Class: 3803K(3904K)->3803K(3904K)
[2023-12-08T15:42:36.113+0000][gc          ] GC(3) Pause Young (Normal) (G1 Evacuation Pause) 186M->141M(1024M) 6.150ms
[2023-12-08T15:42:36.113+0000][gc,cpu      ] GC(3) User=0.01s Sys=0.00s Real=0.01s
[2023-12-08T16:06:15.723+0000][gc,start    ] GC(4) Pause Young (Concurrent Start) (Metadata GC Threshold)
[2023-12-08T16:06:15.723+0000][gc,task     ] GC(4) Using 2 workers of 2 for evacuation
[2023-12-08T16:06:15.731+0000][gc,phases   ] GC(4)   Pre Evacuate Collection Set: 0.1ms
[2023-12-08T16:06:15.731+0000][gc,phases   ] GC(4)   Merge Heap Roots: 0.1ms
[2023-12-08T16:06:15.731+0000][gc,phases   ] GC(4)   Evacuate Collection Set: 7.5ms
[2023-12-08T16:06:15.731+0000][gc,phases   ] GC(4)   Post Evacuate Collection Set: 0.4ms
[2023-12-08T16:06:15.731+0000][gc,phases   ] GC(4)   Other: 0.2ms
[2023-12-08T16:06:15.731+0000][gc,heap     ] GC(4) Eden regions: 26->0(49)
[2023-12-08T16:06:15.731+0000][gc,heap     ] GC(4) Survivor regions: 5->2(7)
[2023-12-08T16:06:15.731+0000][gc,heap     ] GC(4) Old regions: 7->12
[2023-12-08T16:06:15.731+0000][gc,heap     ] GC(4) Archive regions: 2->2
[2023-12-08T16:06:15.731+0000][gc,heap     ] GC(4) Humongous regions: 129->129
[2023-12-08T16:06:15.731+0000][gc,metaspace] GC(4) Metaspace: 35678K(36096K)->35678K(36096K) NonClass: 31335K(31552K)->31335K(31552K) Class: 4343K(4544K)->4343K(4544K)
[2023-12-08T16:06:15.731+0000][gc          ] GC(4) Pause Young (Concurrent Start) (Metadata GC Threshold) 166M->143M(1024M) 8.468ms
[2023-12-08T16:06:15.731+0000][gc,cpu      ] GC(4) User=0.02s Sys=0.00s Real=0.01s
[2023-12-08T16:06:15.731+0000][gc          ] GC(5) Concurrent Mark Cycle
[2023-12-08T16:06:15.731+0000][gc,marking  ] GC(5) Concurrent Clear Claimed Marks
[2023-12-08T16:06:15.731+0000][gc,marking  ] GC(5) Concurrent Clear Claimed Marks 0.025ms
[2023-12-08T16:06:15.731+0000][gc,marking  ] GC(5) Concurrent Scan Root Regions
[2023-12-08T16:06:15.736+0000][gc,marking  ] GC(5) Concurrent Scan Root Regions 4.618ms
[2023-12-08T16:06:15.736+0000][gc,marking  ] GC(5) Concurrent Mark
[2023-12-08T16:06:15.736+0000][gc,marking  ] GC(5) Concurrent Mark From Roots
[2023-12-08T16:06:15.736+0000][gc,task     ] GC(5) Using 1 workers of 1 for marking
[2023-12-08T16:06:15.743+0000][gc,marking  ] GC(5) Concurrent Mark From Roots 6.930ms
[2023-12-08T16:06:15.743+0000][gc,marking  ] GC(5) Concurrent Preclean
[2023-12-08T16:06:15.743+0000][gc,marking  ] GC(5) Concurrent Preclean 0.180ms
[2023-12-08T16:06:15.743+0000][gc,start    ] GC(5) Pause Remark
[2023-12-08T16:06:15.749+0000][gc          ] GC(5) Pause Remark 143M->143M(1024M) 6.042ms
[2023-12-08T16:06:15.749+0000][gc,cpu      ] GC(5) User=0.01s Sys=0.00s Real=0.00s
[2023-12-08T16:06:15.749+0000][gc,marking  ] GC(5) Concurrent Mark 13.462ms
[2023-12-08T16:06:15.749+0000][gc,marking  ] GC(5) Concurrent Rebuild Remembered Sets
[2023-12-08T16:06:15.755+0000][gc,marking  ] GC(5) Concurrent Rebuild Remembered Sets 5.815ms
[2023-12-08T16:06:15.755+0000][gc,start    ] GC(5) Pause Cleanup
[2023-12-08T16:06:15.755+0000][gc          ] GC(5) Pause Cleanup 143M->143M(1024M) 0.084ms
[2023-12-08T16:06:15.756+0000][gc,cpu      ] GC(5) User=0.00s Sys=0.00s Real=0.00s
[2023-12-08T16:06:15.756+0000][gc,marking  ] GC(5) Concurrent Cleanup for Next Mark
[2023-12-08T16:06:15.764+0000][gc,marking  ] GC(5) Concurrent Cleanup for Next Mark 8.647ms
[2023-12-08T16:06:15.764+0000][gc          ] GC(5) Concurrent Mark Cycle 33.175ms
[2023-12-08T16:35:31.560+0000][gc,start    ] GC(6) Pause Young (Normal) (G1 Evacuation Pause)
[2023-12-08T16:35:31.560+0000][gc,task     ] GC(6) Using 2 workers of 2 for evacuation
[2023-12-08T16:35:31.565+0000][gc,phases   ] GC(6)   Pre Evacuate Collection Set: 0.1ms
[2023-12-08T16:35:31.565+0000][gc,phases   ] GC(6)   Merge Heap Roots: 0.1ms
[2023-12-08T16:35:31.565+0000][gc,phases   ] GC(6)   Evacuate Collection Set: 3.9ms
[2023-12-08T16:35:31.565+0000][gc,phases   ] GC(6)   Post Evacuate Collection Set: 0.5ms
[2023-12-08T16:35:31.565+0000][gc,phases   ] GC(6)   Other: 0.1ms
[2023-12-08T16:35:31.565+0000][gc,heap     ] GC(6) Eden regions: 49->0(48)
[2023-12-08T16:35:31.565+0000][gc,heap     ] GC(6) Survivor regions: 2->3(7)
[2023-12-08T16:35:31.565+0000][gc,heap     ] GC(6) Old regions: 12->12
[2023-12-08T16:35:31.565+0000][gc,heap     ] GC(6) Archive regions: 2->2
[2023-12-08T16:35:31.565+0000][gc,heap     ] GC(6) Humongous regions: 129->129
[2023-12-08T16:35:31.565+0000][gc,metaspace] GC(6) Metaspace: 36516K(36928K)->36516K(36928K) NonClass: 32156K(32384K)->32156K(32384K) Class: 4359K(4544K)->4359K(4544K)
[2023-12-08T16:35:31.565+0000][gc          ] GC(6) Pause Young (Normal) (G1 Evacuation Pause) 192M->143M(1024M) 4.859ms
[2023-12-08T16:35:31.565+0000][gc,cpu      ] GC(6) User=0.00s Sys=0.00s Real=0.00s
